// Jest Snapshot v1, https://goo.gl/fbAQLP

exports[`ExpenseListItem Test Suite Should render an ExpenseListItem 1`] = `
<div>
  <Link
    to="/edit/2"
  >
    <h4>
      Louisa Coffee
    </h4>
  </Link>
  <h4>
    $7,000.00
     -- 
    Jan 3rd 1970
  </h4>
</div>
`;
